2026-04-05 16:16:41 - __main__ - INFO - [main.py:18] - Starting ERP Application...
2026-04-05 16:16:41 - __main__ - INFO - [main.py:21] - Initializing database...
2026-04-05 16:16:41 - src.infrastructure.init_db - INFO - [init_db.py:35] - Starting database initialization. DB Path: C:\Automation\erp\ecommerce_erp\data\db\ecommerce.db
2026-04-05 16:16:41 - src.infrastructure.init_db - INFO - [init_db.py:41] - Existing database found. Size: 344064 bytes
2026-04-05 16:16:42 - src.infrastructure.init_db - INFO - [init_db.py:71] - ✅ Database is healthy. Found 346 products ready for use.
2026-04-05 16:16:42 - __main__ - INFO - [main.py:26] - ✅ Database initialized successfully
2026-04-05 16:16:42 - __main__ - ERROR - [main.py:65] - Error rendering page 'Profit Dashboard': expected 'except' or 'finally' block (profit_dashboard.py, line 80)
Traceback (most recent call last):
  File "C:\Automation\erp\ecommerce_erp\main.py", line 46, in <module>
    from src.ui.pages import profit_dashboard
  File "C:\Automation\erp\ecommerce_erp\src\ui\pages\profit_dashboard.py", line 80
    view_df.columns = ['SKU', 'Product Name', 'Price', 'COGS', 'Fees+GST', 'Net Profit', 'Margin %']
    ^^^^^^^
SyntaxError: expected 'except' or 'finally' block
2026-04-05 16:16:54 - __main__ - INFO - [main.py:18] - Starting ERP Application...
2026-04-05 16:16:54 - __main__ - ERROR - [main.py:65] - Error rendering page 'Gap Analysis': expected an indented block after 'if' statement on line 64 (gap_dashboard.py, line 66)
Traceback (most recent call last):
  File "C:\Automation\erp\ecommerce_erp\main.py", line 50, in <module>
    from src.ui.pages import gap_dashboard
  File "C:\Automation\erp\ecommerce_erp\src\ui\pages\gap_dashboard.py", line 66
    mask = (pivot_table == 0).any(axis=1)
    ^^^^
IndentationError: expected an indented block after 'if' statement on line 64
2026-04-05 16:16:55 - __main__ - INFO - [main.py:18] - Starting ERP Application...
2026-04-05 16:16:55 - src.ui.pages.demand_planner - INFO - [demand_planner.py:13] - Rendering Demand Planner...
2026-04-05 16:16:59 - __main__ - INFO - [main.py:18] - Starting ERP Application...
2026-04-05 16:16:59 - __main__ - ERROR - [main.py:65] - Error rendering page 'Gap Analysis': expected an indented block after 'if' statement on line 64 (gap_dashboard.py, line 66)
Traceback (most recent call last):
  File "C:\Automation\erp\ecommerce_erp\main.py", line 50, in <module>
    from src.ui.pages import gap_dashboard
  File "C:\Automation\erp\ecommerce_erp\src\ui\pages\gap_dashboard.py", line 66
    mask = (pivot_table == 0).any(axis=1)
    ^^^^
IndentationError: expected an indented block after 'if' statement on line 64
2026-04-05 16:17:02 - __main__ - INFO - [main.py:18] - Starting ERP Application...
2026-04-05 16:17:08 - __main__ - INFO - [main.py:18] - Starting ERP Application...
2026-04-05 16:17:08 - src.ui.pages.inventory_manager - INFO - [inventory_manager.py:19] - Rendering Inventory Manager...
2026-04-05 16:17:08 - src.ui.pages.inventory_manager - INFO - [inventory_manager.py:38] - Loaded inventory for 346 SKUs
2026-04-05 16:17:08 - src.ui.pages.inventory_manager - INFO - [inventory_manager.py:107] - Loaded 3 history records
2026-04-05 16:17:08 - src.ui.pages.inventory_manager - INFO - [inventory_manager.py:283] - Inventory template generated successfully
2026-04-05 16:17:08 - __main__ - ERROR - [main.py:65] - Error rendering page 'Inventory Manager': There are multiple elements with the same `key='inventory_upload'`. To fix this, please make sure that the `key` argument is unique for each element you create.
Traceback (most recent call last):
  File "C:\Automation\erp\ecommerce_erp\main.py", line 63, in <module>
    inventory_manager.render()
  File "C:\Automation\erp\ecommerce_erp\src\ui\pages\inventory_manager.py", line 385, in render
    uploaded_file = st.file_uploader("Choose Excel file", type=['xlsx', 'xls'], key="inventory_upload")
                    ^^^^^^^^^^^^^^^^^^^^^^^^^^^^^^^^^^^^^^^^^^^^^^^^^^^^^^^^^^^^^^^^^^^^^^^^^^^^^^^^^^^
  File "c:\Automation\erp\ecommerce_erp\.venv\Lib\site-packages\streamlit\runtime\metrics_util.py", line 563, in wrapped_func
    result = non_optional_func(*args, **kwargs)
             ^^^^^^^^^^^^^^^^^^^^^^^^^^^^^^^^^^
  File "c:\Automation\erp\ecommerce_erp\.venv\Lib\site-packages\streamlit\elements\widgets\file_uploader.py", line 484, in file_uploader
    return self._file_uploader(
           ^^^^^^^^^^^^^^^^^^^^
  File "c:\Automation\erp\ecommerce_erp\.venv\Lib\site-packages\streamlit\elements\widgets\file_uploader.py", line 538, in _file_uploader
    element_id = compute_and_register_element_id(
                 ^^^^^^^^^^^^^^^^^^^^^^^^^^^^^^^^
  File "c:\Automation\erp\ecommerce_erp\.venv\Lib\site-packages\streamlit\elements\lib\utils.py", line 265, in compute_and_register_element_id
    _register_element_id(ctx, element_type, element_id)
  File "c:\Automation\erp\ecommerce_erp\.venv\Lib\site-packages\streamlit\elements\lib\utils.py", line 145, in _register_element_id
    raise StreamlitDuplicateElementKey(user_key)
streamlit.errors.StreamlitDuplicateElementKey: There are multiple elements with the same `key='inventory_upload'`. To fix this, please make sure that the `key` argument is unique for each element you create.
2026-04-05 16:24:05 - __main__ - INFO - [main.py:18] - Starting ERP Application...
2026-04-05 16:24:05 - __main__ - INFO - [main.py:21] - Initializing database...
2026-04-05 16:24:05 - src.infrastructure.init_db - INFO - [init_db.py:35] - Starting database initialization. DB Path: C:\Automation\erp\ecommerce_erp\data\db\ecommerce.db
2026-04-05 16:24:05 - src.infrastructure.init_db - INFO - [init_db.py:41] - Existing database found. Size: 344064 bytes
2026-04-05 16:24:05 - src.infrastructure.init_db - INFO - [init_db.py:71] - ✅ Database is healthy. Found 346 products ready for use.
2026-04-05 16:24:05 - __main__ - INFO - [main.py:26] - ✅ Database initialized successfully
2026-04-05 16:24:05 - __main__ - ERROR - [main.py:65] - Error rendering page 'Profit Dashboard': expected 'except' or 'finally' block (profit_dashboard.py, line 80)
Traceback (most recent call last):
  File "C:\Automation\erp\ecommerce_erp\main.py", line 46, in <module>
    from src.ui.pages import profit_dashboard
  File "C:\Automation\erp\ecommerce_erp\src\ui\pages\profit_dashboard.py", line 80
    view_df.columns = ['SKU', 'Product Name', 'Price', 'COGS', 'Fees+GST', 'Net Profit', 'Margin %']
    ^^^^^^^
SyntaxError: expected 'except' or 'finally' block
2026-04-05 16:25:56 - __main__ - INFO - [main.py:18] - Starting ERP Application...
2026-04-05 16:25:56 - __main__ - INFO - [main.py:21] - Initializing database...
2026-04-05 16:25:56 - src.infrastructure.init_db - INFO - [init_db.py:35] - Starting database initialization. DB Path: C:\Automation\erp\ecommerce_erp\data\db\ecommerce.db
2026-04-05 16:25:56 - src.infrastructure.init_db - INFO - [init_db.py:41] - Existing database found. Size: 344064 bytes
2026-04-05 16:25:56 - src.infrastructure.init_db - INFO - [init_db.py:71] - ✅ Database is healthy. Found 346 products ready for use.
2026-04-05 16:25:56 - __main__ - INFO - [main.py:26] - ✅ Database initialized successfully
2026-04-05 16:25:56 - __main__ - ERROR - [main.py:65] - Error rendering page 'Profit Dashboard': expected 'except' or 'finally' block (profit_dashboard.py, line 80)
Traceback (most recent call last):
  File "C:\Automation\erp\ecommerce_erp\main.py", line 46, in <module>
    from src.ui.pages import profit_dashboard
  File "C:\Automation\erp\ecommerce_erp\src\ui\pages\profit_dashboard.py", line 80
    view_df.columns = ['SKU', 'Product Name', 'Price', 'COGS', 'Fees+GST', 'Net Profit', 'Margin %']
    ^^^^^^^
SyntaxError: expected 'except' or 'finally' block
2026-04-05 16:26:14 - __main__ - INFO - [main.py:18] - Starting ERP Application...
2026-04-05 16:26:14 - __main__ - ERROR - [main.py:65] - Error rendering page 'Gap Analysis': expected an indented block after 'if' statement on line 64 (gap_dashboard.py, line 66)
Traceback (most recent call last):
  File "C:\Automation\erp\ecommerce_erp\main.py", line 50, in <module>
    from src.ui.pages import gap_dashboard
  File "C:\Automation\erp\ecommerce_erp\src\ui\pages\gap_dashboard.py", line 66
    mask = (pivot_table == 0).any(axis=1)
    ^^^^
IndentationError: expected an indented block after 'if' statement on line 64
2026-04-05 16:26:26 - __main__ - INFO - [main.py:18] - Starting ERP Application...
2026-04-05 16:26:26 - src.ui.pages.demand_planner - INFO - [demand_planner.py:13] - Rendering Demand Planner...
2026-04-05 16:26:30 - __main__ - INFO - [main.py:18] - Starting ERP Application...
2026-04-05 16:26:30 - src.ui.pages.data_manager - INFO - [data_manager.py:13] - Rendering Data Manager page...
2026-04-05 16:26:33 - __main__ - INFO - [main.py:18] - Starting ERP Application...
2026-04-05 16:26:33 - src.ui.pages.inventory_manager - INFO - [inventory_manager.py:19] - Rendering Inventory Manager...
2026-04-05 16:26:33 - src.ui.pages.inventory_manager - INFO - [inventory_manager.py:38] - Loaded inventory for 346 SKUs
2026-04-05 16:26:33 - src.ui.pages.inventory_manager - INFO - [inventory_manager.py:107] - Loaded 3 history records
2026-04-05 16:26:33 - src.ui.pages.inventory_manager - INFO - [inventory_manager.py:283] - Inventory template generated successfully
2026-04-05 16:26:33 - __main__ - ERROR - [main.py:65] - Error rendering page 'Inventory Manager': There are multiple elements with the same `key='inventory_upload'`. To fix this, please make sure that the `key` argument is unique for each element you create.
Traceback (most recent call last):
  File "C:\Automation\erp\ecommerce_erp\main.py", line 63, in <module>
    inventory_manager.render()
  File "C:\Automation\erp\ecommerce_erp\src\ui\pages\inventory_manager.py", line 385, in render
    uploaded_file = st.file_uploader("Choose Excel file", type=['xlsx', 'xls'], key="inventory_upload")
                    ^^^^^^^^^^^^^^^^^^^^^^^^^^^^^^^^^^^^^^^^^^^^^^^^^^^^^^^^^^^^^^^^^^^^^^^^^^^^^^^^^^^
  File "c:\Automation\erp\ecommerce_erp\.venv\Lib\site-packages\streamlit\runtime\metrics_util.py", line 563, in wrapped_func
    result = non_optional_func(*args, **kwargs)
             ^^^^^^^^^^^^^^^^^^^^^^^^^^^^^^^^^^
  File "c:\Automation\erp\ecommerce_erp\.venv\Lib\site-packages\streamlit\elements\widgets\file_uploader.py", line 484, in file_uploader
    return self._file_uploader(
           ^^^^^^^^^^^^^^^^^^^^
  File "c:\Automation\erp\ecommerce_erp\.venv\Lib\site-packages\streamlit\elements\widgets\file_uploader.py", line 538, in _file_uploader
    element_id = compute_and_register_element_id(
                 ^^^^^^^^^^^^^^^^^^^^^^^^^^^^^^^^
  File "c:\Automation\erp\ecommerce_erp\.venv\Lib\site-packages\streamlit\elements\lib\utils.py", line 265, in compute_and_register_element_id
    _register_element_id(ctx, element_type, element_id)
  File "c:\Automation\erp\ecommerce_erp\.venv\Lib\site-packages\streamlit\elements\lib\utils.py", line 145, in _register_element_id
    raise StreamlitDuplicateElementKey(user_key)
streamlit.errors.StreamlitDuplicateElementKey: There are multiple elements with the same `key='inventory_upload'`. To fix this, please make sure that the `key` argument is unique for each element you create.
2026-04-05 16:31:05 - __main__ - INFO - [main.py:18] - Starting ERP Application...
2026-04-05 16:31:05 - __main__ - INFO - [main.py:21] - Initializing database...
2026-04-05 16:31:05 - src.infrastructure.init_db - INFO - [init_db.py:35] - Starting database initialization. DB Path: C:\Automation\erp\ecommerce_erp\data\db\ecommerce.db
2026-04-05 16:31:05 - src.infrastructure.init_db - INFO - [init_db.py:41] - Existing database found. Size: 344064 bytes
2026-04-05 16:31:05 - src.infrastructure.init_db - INFO - [init_db.py:71] - ✅ Database is healthy. Found 346 products ready for use.
2026-04-05 16:31:05 - __main__ - INFO - [main.py:26] - ✅ Database initialized successfully
2026-04-05 16:31:05 - src.ui.pages.profit_dashboard - INFO - [profit_dashboard.py:11] - Rendering Profit Dashboard...
2026-04-05 16:31:05 - src.core.services.finance_service - INFO - [finance_service.py:38] - Calculating profitability (market filter: Amazon)
2026-04-05 16:31:07 - __main__ - INFO - [main.py:18] - Starting ERP Application...
2026-04-05 16:31:07 - src.ui.pages.gap_dashboard - INFO - [gap_dashboard.py:11] - Rendering Gap Analysis Dashboard...
2026-04-05 16:31:07 - src.core.services.gap_service - INFO - [gap_service.py:35] - Generating gap analysis matrix...
2026-04-05 16:31:07 - src.core.services.gap_service - INFO - [gap_service.py:97] - ✅ Gap analysis complete: 514 gaps out of 1281 combinations (40.1%)
2026-04-05 16:31:07 - src.ui.pages.gap_dashboard - INFO - [gap_dashboard.py:19] - Gap matrix retrieved: 1281 rows
2026-04-05 16:31:07 - src.ui.pages.gap_dashboard - INFO - [gap_dashboard.py:36] - Gap Analysis Summary: Total=1281, Missing=514, Coverage=59.9%
2026-04-05 16:31:10 - src.core.services.finance_service - INFO - [finance_service.py:156] - ✅ Profitability calculated for 587 listings
2026-04-05 16:31:10 - src.core.services.finance_service - INFO - [finance_service.py:160] - Summary: Average margin = 31.62%, Total net profit = ₹73708.30
2026-04-05 16:31:10 - src.ui.pages.profit_dashboard - WARNING - [profit_dashboard.py:41] - 71 listings missing prices on Amazon
2026-04-05 16:31:15 - __main__ - INFO - [main.py:18] - Starting ERP Application...
2026-04-05 16:31:15 - src.ui.pages.demand_planner - INFO - [demand_planner.py:13] - Rendering Demand Planner...
2026-04-05 16:31:21 - __main__ - INFO - [main.py:18] - Starting ERP Application...
2026-04-05 16:31:21 - src.ui.pages.data_manager - INFO - [data_manager.py:13] - Rendering Data Manager page...
2026-04-05 16:31:23 - __main__ - INFO - [main.py:18] - Starting ERP Application...
2026-04-05 16:31:23 - src.ui.pages.inventory_manager - INFO - [inventory_manager.py:19] - Rendering Inventory Manager...
2026-04-05 16:31:23 - src.ui.pages.inventory_manager - INFO - [inventory_manager.py:38] - Loaded inventory for 346 SKUs
2026-04-05 16:31:23 - src.ui.pages.inventory_manager - INFO - [inventory_manager.py:107] - Loaded 3 history records
2026-04-05 16:31:23 - src.ui.pages.inventory_manager - INFO - [inventory_manager.py:283] - Inventory template generated successfully
2026-04-05 16:31:33 - __main__ - INFO - [main.py:18] - Starting ERP Application...
2026-04-05 16:31:33 - src.ui.pages.profit_dashboard - INFO - [profit_dashboard.py:11] - Rendering Profit Dashboard...
2026-04-05 16:31:33 - src.core.services.finance_service - INFO - [finance_service.py:38] - Calculating profitability (market filter: Amazon)
2026-04-05 16:31:36 - src.core.services.finance_service - INFO - [finance_service.py:156] - ✅ Profitability calculated for 587 listings
2026-04-05 16:31:36 - src.core.services.finance_service - INFO - [finance_service.py:160] - Summary: Average margin = 31.62%, Total net profit = ₹73708.30
2026-04-05 16:31:36 - src.ui.pages.profit_dashboard - WARNING - [profit_dashboard.py:41] - 71 listings missing prices on Amazon
2026-04-05 16:31:36 - src.ui.pages.profit_dashboard - INFO - [profit_dashboard.py:51] - Profitability calculated for 516 listings on Amazon
2026-04-05 16:31:41 - __main__ - INFO - [main.py:18] - Starting ERP Application...
2026-04-05 16:31:41 - src.ui.pages.profit_dashboard - INFO - [profit_dashboard.py:11] - Rendering Profit Dashboard...
2026-04-05 16:31:41 - src.core.services.finance_service - INFO - [finance_service.py:38] - Calculating profitability (market filter: Flipkart)
2026-04-05 16:31:44 - src.core.services.finance_service - INFO - [finance_service.py:156] - ✅ Profitability calculated for 413 listings
2026-04-05 16:31:44 - src.core.services.finance_service - INFO - [finance_service.py:160] - Summary: Average margin = 20.55%, Total net profit = ₹32014.78
2026-04-05 16:31:44 - src.ui.pages.profit_dashboard - WARNING - [profit_dashboard.py:41] - 8 listings missing prices on Flipkart
2026-04-05 16:31:44 - src.ui.pages.profit_dashboard - INFO - [profit_dashboard.py:51] - Profitability calculated for 405 listings on Flipkart
2026-04-05 16:31:50 - __main__ - INFO - [main.py:18] - Starting ERP Application...
2026-04-05 16:31:50 - src.ui.pages.profit_dashboard - INFO - [profit_dashboard.py:11] - Rendering Profit Dashboard...
2026-04-05 16:31:50 - src.core.services.finance_service - INFO - [finance_service.py:38] - Calculating profitability (market filter: Meesho)
2026-04-05 16:31:50 - src.core.services.finance_service - INFO - [finance_service.py:156] - ✅ Profitability calculated for 72 listings
2026-04-05 16:31:50 - src.core.services.finance_service - INFO - [finance_service.py:160] - Summary: Average margin = 8.36%, Total net profit = ₹-1443.17
2026-04-05 16:31:50 - src.ui.pages.profit_dashboard - WARNING - [profit_dashboard.py:41] - 57 listings missing prices on Meesho
2026-04-05 16:31:50 - src.ui.pages.profit_dashboard - INFO - [profit_dashboard.py:51] - Profitability calculated for 15 listings on Meesho
2026-04-05 16:31:54 - __main__ - INFO - [main.py:18] - Starting ERP Application...
2026-04-05 16:31:54 - src.ui.pages.gap_dashboard - INFO - [gap_dashboard.py:11] - Rendering Gap Analysis Dashboard...
2026-04-05 16:31:54 - src.core.services.gap_service - INFO - [gap_service.py:35] - Generating gap analysis matrix...
2026-04-05 16:31:54 - src.core.services.gap_service - INFO - [gap_service.py:97] - ✅ Gap analysis complete: 514 gaps out of 1281 combinations (40.1%)
2026-04-05 16:31:54 - src.ui.pages.gap_dashboard - INFO - [gap_dashboard.py:19] - Gap matrix retrieved: 1281 rows
2026-04-05 16:31:54 - src.ui.pages.gap_dashboard - INFO - [gap_dashboard.py:36] - Gap Analysis Summary: Total=1281, Missing=514, Coverage=59.9%
2026-04-05 16:31:57 - __main__ - INFO - [main.py:18] - Starting ERP Application...
2026-04-05 16:31:57 - src.ui.pages.demand_planner - INFO - [demand_planner.py:13] - Rendering Demand Planner...
2026-04-05 16:31:59 - __main__ - INFO - [main.py:18] - Starting ERP Application...
2026-04-05 16:32:00 - src.ui.pages.data_manager - INFO - [data_manager.py:13] - Rendering Data Manager page...
2026-04-05 16:32:02 - __main__ - INFO - [main.py:18] - Starting ERP Application...
2026-04-05 16:32:02 - src.ui.pages.inventory_manager - INFO - [inventory_manager.py:19] - Rendering Inventory Manager...
2026-04-05 16:32:02 - src.ui.pages.inventory_manager - INFO - [inventory_manager.py:38] - Loaded inventory for 346 SKUs
2026-04-05 16:32:02 - src.ui.pages.inventory_manager - INFO - [inventory_manager.py:107] - Loaded 3 history records
2026-04-05 16:32:02 - src.ui.pages.inventory_manager - INFO - [inventory_manager.py:283] - Inventory template generated successfully
2026-04-05 16:32:14 - __main__ - INFO - [main.py:18] - Starting ERP Application...
2026-04-05 16:32:14 - src.ui.pages.data_manager - INFO - [data_manager.py:13] - Rendering Data Manager page...
2026-04-05 16:32:50 - __main__ - INFO - [main.py:18] - Starting ERP Application...
2026-04-05 16:32:50 - __main__ - INFO - [main.py:18] - Starting ERP Application...
2026-04-05 16:32:50 - __main__ - INFO - [main.py:18] - Starting ERP Application...
2026-04-05 16:32:50 - __main__ - INFO - [main.py:18] - Starting ERP Application...
2026-04-05 16:32:50 - __main__ - INFO - [main.py:21] - Initializing database...
2026-04-05 16:32:50 - __main__ - INFO - [main.py:21] - Initializing database...
2026-04-05 16:32:50 - src.infrastructure.init_db - INFO - [init_db.py:35] - Starting database initialization. DB Path: C:\Automation\erp\ecommerce_erp\data\db\ecommerce.db
2026-04-05 16:32:50 - src.infrastructure.init_db - INFO - [init_db.py:41] - Existing database found. Size: 344064 bytes
2026-04-05 16:32:50 - src.infrastructure.init_db - INFO - [init_db.py:71] - ✅ Database is healthy. Found 346 products ready for use.
2026-04-05 16:32:50 - __main__ - INFO - [main.py:26] - ✅ Database initialized successfully
2026-04-05 16:32:50 - __main__ - INFO - [main.py:26] - ✅ Database initialized successfully
2026-04-05 16:32:51 - src.ui.pages.profit_dashboard - INFO - [profit_dashboard.py:11] - Rendering Profit Dashboard...
2026-04-05 16:32:51 - src.core.services.finance_service - INFO - [finance_service.py:38] - Calculating profitability (market filter: Amazon)
2026-04-05 16:32:55 - src.core.services.finance_service - INFO - [finance_service.py:156] - ✅ Profitability calculated for 587 listings
2026-04-05 16:32:55 - src.core.services.finance_service - INFO - [finance_service.py:160] - Summary: Average margin = 31.62%, Total net profit = ₹73708.30
2026-04-05 16:32:55 - src.ui.pages.profit_dashboard - WARNING - [profit_dashboard.py:41] - 71 listings missing prices on Amazon
2026-04-05 16:32:56 - src.ui.pages.profit_dashboard - INFO - [profit_dashboard.py:51] - Profitability calculated for 516 listings on Amazon
2026-04-05 16:32:59 - __main__ - INFO - [main.py:18] - Starting ERP Application...
2026-04-05 16:32:59 - __main__ - INFO - [main.py:18] - Starting ERP Application...
2026-04-05 16:32:59 - src.ui.pages.gap_dashboard - INFO - [gap_dashboard.py:11] - Rendering Gap Analysis Dashboard...
2026-04-05 16:32:59 - src.core.services.gap_service - INFO - [gap_service.py:35] - Generating gap analysis matrix...
2026-04-05 16:32:59 - src.core.services.gap_service - INFO - [gap_service.py:97] - ✅ Gap analysis complete: 514 gaps out of 1281 combinations (40.1%)
2026-04-05 16:32:59 - src.ui.pages.gap_dashboard - INFO - [gap_dashboard.py:19] - Gap matrix retrieved: 1281 rows
2026-04-05 16:32:59 - src.ui.pages.gap_dashboard - INFO - [gap_dashboard.py:36] - Gap Analysis Summary: Total=1281, Missing=514, Coverage=59.9%
2026-04-05 16:33:07 - __main__ - INFO - [main.py:18] - Starting ERP Application...
2026-04-05 16:33:07 - __main__ - INFO - [main.py:18] - Starting ERP Application...
2026-04-05 16:33:07 - src.ui.pages.data_manager - INFO - [data_manager.py:13] - Rendering Data Manager page...
2026-04-05 16:33:12 - __main__ - INFO - [main.py:18] - Starting ERP Application...
2026-04-05 16:33:12 - __main__ - INFO - [main.py:18] - Starting ERP Application...
2026-04-05 16:33:12 - src.ui.pages.demand_planner - INFO - [demand_planner.py:13] - Rendering Demand Planner...
2026-04-05 16:33:17 - __main__ - INFO - [main.py:18] - Starting ERP Application...
2026-04-05 16:33:17 - __main__ - INFO - [main.py:18] - Starting ERP Application...
2026-04-05 16:33:17 - src.ui.pages.inventory_manager - INFO - [inventory_manager.py:19] - Rendering Inventory Manager...
2026-04-05 16:33:17 - src.ui.pages.inventory_manager - INFO - [inventory_manager.py:38] - Loaded inventory for 346 SKUs
2026-04-05 16:33:17 - src.ui.pages.inventory_manager - INFO - [inventory_manager.py:107] - Loaded 3 history records
2026-04-05 16:33:17 - src.ui.pages.inventory_manager - INFO - [inventory_manager.py:283] - Inventory template generated successfully
2026-04-05 16:33:20 - __main__ - INFO - [main.py:18] - Starting ERP Application...
2026-04-05 16:33:20 - __main__ - INFO - [main.py:18] - Starting ERP Application...
2026-04-05 16:33:20 - src.ui.pages.profit_dashboard - INFO - [profit_dashboard.py:11] - Rendering Profit Dashboard...
2026-04-05 16:33:20 - src.core.services.finance_service - INFO - [finance_service.py:38] - Calculating profitability (market filter: Amazon)
2026-04-05 16:33:22 - __main__ - INFO - [main.py:18] - Starting ERP Application...
2026-04-05 16:33:22 - __main__ - INFO - [main.py:18] - Starting ERP Application...
2026-04-05 16:33:22 - src.ui.pages.profit_dashboard - INFO - [profit_dashboard.py:11] - Rendering Profit Dashboard...
2026-04-05 16:33:22 - src.core.services.finance_service - INFO - [finance_service.py:38] - Calculating profitability (market filter: Flipkart)
2026-04-05 16:33:27 - __main__ - INFO - [main.py:18] - Starting ERP Application...
2026-04-05 16:33:27 - __main__ - INFO - [main.py:18] - Starting ERP Application...
2026-04-05 16:33:27 - src.ui.pages.profit_dashboard - INFO - [profit_dashboard.py:11] - Rendering Profit Dashboard...
2026-04-05 16:33:27 - src.core.services.finance_service - INFO - [finance_service.py:38] - Calculating profitability (market filter: Meesho)
2026-04-05 16:33:27 - src.core.services.finance_service - INFO - [finance_service.py:156] - ✅ Profitability calculated for 72 listings
2026-04-05 16:33:27 - src.core.services.finance_service - INFO - [finance_service.py:160] - Summary: Average margin = 8.36%, Total net profit = ₹-1443.17
2026-04-05 16:33:27 - src.ui.pages.profit_dashboard - WARNING - [profit_dashboard.py:41] - 57 listings missing prices on Meesho
2026-04-05 16:33:27 - src.ui.pages.profit_dashboard - INFO - [profit_dashboard.py:51] - Profitability calculated for 15 listings on Meesho
2026-04-05 16:33:28 - src.core.services.finance_service - INFO - [finance_service.py:156] - ✅ Profitability calculated for 587 listings
2026-04-05 16:33:28 - src.core.services.finance_service - INFO - [finance_service.py:160] - Summary: Average margin = 31.62%, Total net profit = ₹73708.30
2026-04-05 16:33:28 - src.ui.pages.profit_dashboard - WARNING - [profit_dashboard.py:41] - 71 listings missing prices on Amazon
2026-04-05 16:33:29 - src.core.services.finance_service - INFO - [finance_service.py:156] - ✅ Profitability calculated for 413 listings
2026-04-05 16:33:29 - src.core.services.finance_service - INFO - [finance_service.py:160] - Summary: Average margin = 20.55%, Total net profit = ₹32014.78
2026-04-05 16:33:29 - src.ui.pages.profit_dashboard - WARNING - [profit_dashboard.py:41] - 8 listings missing prices on Flipkart
2026-04-05 16:33:34 - __main__ - INFO - [main.py:18] - Starting ERP Application...
2026-04-05 16:33:34 - __main__ - INFO - [main.py:18] - Starting ERP Application...
2026-04-05 16:33:34 - src.ui.pages.profit_dashboard - INFO - [profit_dashboard.py:11] - Rendering Profit Dashboard...
2026-04-05 16:33:34 - src.core.services.finance_service - INFO - [finance_service.py:38] - Calculating profitability (market filter: Amazon)
2026-04-05 16:33:38 - src.core.services.finance_service - INFO - [finance_service.py:156] - ✅ Profitability calculated for 587 listings
2026-04-05 16:33:38 - src.core.services.finance_service - INFO - [finance_service.py:160] - Summary: Average margin = 31.62%, Total net profit = ₹73708.30
2026-04-05 16:33:38 - src.ui.pages.profit_dashboard - WARNING - [profit_dashboard.py:41] - 71 listings missing prices on Amazon
2026-04-05 16:33:38 - src.ui.pages.profit_dashboard - INFO - [profit_dashboard.py:51] - Profitability calculated for 516 listings on Amazon
2026-04-05 16:33:53 - __main__ - INFO - [main.py:18] - Starting ERP Application...
2026-04-05 16:33:53 - __main__ - INFO - [main.py:18] - Starting ERP Application...
2026-04-05 16:33:53 - src.ui.pages.gap_dashboard - INFO - [gap_dashboard.py:11] - Rendering Gap Analysis Dashboard...
2026-04-05 16:33:53 - src.core.services.gap_service - INFO - [gap_service.py:35] - Generating gap analysis matrix...
2026-04-05 16:33:53 - src.core.services.gap_service - INFO - [gap_service.py:97] - ✅ Gap analysis complete: 514 gaps out of 1281 combinations (40.1%)
2026-04-05 16:33:53 - src.ui.pages.gap_dashboard - INFO - [gap_dashboard.py:19] - Gap matrix retrieved: 1281 rows
2026-04-05 16:33:53 - src.ui.pages.gap_dashboard - INFO - [gap_dashboard.py:36] - Gap Analysis Summary: Total=1281, Missing=514, Coverage=59.9%
2026-04-05 16:33:56 - __main__ - INFO - [main.py:18] - Starting ERP Application...
2026-04-05 16:33:56 - __main__ - INFO - [main.py:18] - Starting ERP Application...
2026-04-05 16:33:56 - src.ui.pages.gap_dashboard - INFO - [gap_dashboard.py:11] - Rendering Gap Analysis Dashboard...
2026-04-05 16:33:56 - src.core.services.gap_service - INFO - [gap_service.py:35] - Generating gap analysis matrix...
2026-04-05 16:33:56 - src.core.services.gap_service - INFO - [gap_service.py:97] - ✅ Gap analysis complete: 514 gaps out of 1281 combinations (40.1%)
2026-04-05 16:33:56 - src.ui.pages.gap_dashboard - INFO - [gap_dashboard.py:19] - Gap matrix retrieved: 1281 rows
2026-04-05 16:33:56 - src.ui.pages.gap_dashboard - INFO - [gap_dashboard.py:36] - Gap Analysis Summary: Total=1281, Missing=514, Coverage=59.9%
2026-04-05 16:34:01 - __main__ - INFO - [main.py:18] - Starting ERP Application...
2026-04-05 16:34:01 - __main__ - INFO - [main.py:18] - Starting ERP Application...
2026-04-05 16:34:01 - src.ui.pages.gap_dashboard - INFO - [gap_dashboard.py:11] - Rendering Gap Analysis Dashboard...
2026-04-05 16:34:01 - src.core.services.gap_service - INFO - [gap_service.py:35] - Generating gap analysis matrix...
2026-04-05 16:34:01 - src.core.services.gap_service - INFO - [gap_service.py:97] - ✅ Gap analysis complete: 514 gaps out of 1281 combinations (40.1%)
2026-04-05 16:34:01 - src.ui.pages.gap_dashboard - INFO - [gap_dashboard.py:19] - Gap matrix retrieved: 1281 rows
2026-04-05 16:34:01 - src.ui.pages.gap_dashboard - INFO - [gap_dashboard.py:36] - Gap Analysis Summary: Total=1281, Missing=514, Coverage=59.9%
2026-04-05 16:34:03 - __main__ - INFO - [main.py:18] - Starting ERP Application...
2026-04-05 16:34:03 - __main__ - INFO - [main.py:18] - Starting ERP Application...
2026-04-05 16:34:03 - src.ui.pages.gap_dashboard - INFO - [gap_dashboard.py:11] - Rendering Gap Analysis Dashboard...
2026-04-05 16:34:03 - src.core.services.gap_service - INFO - [gap_service.py:35] - Generating gap analysis matrix...
2026-04-05 16:34:03 - src.core.services.gap_service - INFO - [gap_service.py:97] - ✅ Gap analysis complete: 514 gaps out of 1281 combinations (40.1%)
2026-04-05 16:34:03 - src.ui.pages.gap_dashboard - INFO - [gap_dashboard.py:19] - Gap matrix retrieved: 1281 rows
2026-04-05 16:34:03 - src.ui.pages.gap_dashboard - INFO - [gap_dashboard.py:36] - Gap Analysis Summary: Total=1281, Missing=514, Coverage=59.9%
2026-04-05 16:34:05 - __main__ - INFO - [main.py:18] - Starting ERP Application...
2026-04-05 16:34:05 - __main__ - INFO - [main.py:18] - Starting ERP Application...
2026-04-05 16:34:05 - src.ui.pages.gap_dashboard - INFO - [gap_dashboard.py:11] - Rendering Gap Analysis Dashboard...
2026-04-05 16:34:05 - src.core.services.gap_service - INFO - [gap_service.py:35] - Generating gap analysis matrix...
2026-04-05 16:34:05 - src.core.services.gap_service - INFO - [gap_service.py:97] - ✅ Gap analysis complete: 514 gaps out of 1281 combinations (40.1%)
2026-04-05 16:34:05 - src.ui.pages.gap_dashboard - INFO - [gap_dashboard.py:19] - Gap matrix retrieved: 1281 rows
2026-04-05 16:34:05 - src.ui.pages.gap_dashboard - INFO - [gap_dashboard.py:36] - Gap Analysis Summary: Total=1281, Missing=514, Coverage=59.9%
2026-04-05 16:34:08 - __main__ - INFO - [main.py:18] - Starting ERP Application...
2026-04-05 16:34:08 - __main__ - INFO - [main.py:18] - Starting ERP Application...
2026-04-05 16:34:08 - src.ui.pages.gap_dashboard - INFO - [gap_dashboard.py:11] - Rendering Gap Analysis Dashboard...
2026-04-05 16:34:08 - src.core.services.gap_service - INFO - [gap_service.py:35] - Generating gap analysis matrix...
2026-04-05 16:34:08 - __main__ - INFO - [main.py:18] - Starting ERP Application...
2026-04-05 16:34:08 - __main__ - INFO - [main.py:18] - Starting ERP Application...
2026-04-05 16:34:08 - src.ui.pages.demand_planner - INFO - [demand_planner.py:13] - Rendering Demand Planner...
2026-04-05 16:34:08 - src.core.services.gap_service - INFO - [gap_service.py:97] - ✅ Gap analysis complete: 514 gaps out of 1281 combinations (40.1%)
2026-04-05 16:34:08 - src.ui.pages.gap_dashboard - INFO - [gap_dashboard.py:19] - Gap matrix retrieved: 1281 rows
2026-04-05 16:34:08 - src.ui.pages.gap_dashboard - INFO - [gap_dashboard.py:36] - Gap Analysis Summary: Total=1281, Missing=514, Coverage=59.9%
2026-04-05 16:34:12 - __main__ - INFO - [main.py:18] - Starting ERP Application...
2026-04-05 16:34:12 - __main__ - INFO - [main.py:18] - Starting ERP Application...
2026-04-05 16:34:12 - src.ui.pages.profit_dashboard - INFO - [profit_dashboard.py:11] - Rendering Profit Dashboard...
2026-04-05 16:34:12 - src.core.services.finance_service - INFO - [finance_service.py:38] - Calculating profitability (market filter: Amazon)
2026-04-05 16:34:14 - __main__ - INFO - [main.py:18] - Starting ERP Application...
2026-04-05 16:34:14 - __main__ - INFO - [main.py:18] - Starting ERP Application...
2026-04-05 16:34:14 - src.ui.pages.gap_dashboard - INFO - [gap_dashboard.py:11] - Rendering Gap Analysis Dashboard...
2026-04-05 16:34:14 - src.core.services.gap_service - INFO - [gap_service.py:35] - Generating gap analysis matrix...
2026-04-05 16:34:14 - src.core.services.gap_service - INFO - [gap_service.py:97] - ✅ Gap analysis complete: 514 gaps out of 1281 combinations (40.1%)
2026-04-05 16:34:14 - src.ui.pages.gap_dashboard - INFO - [gap_dashboard.py:19] - Gap matrix retrieved: 1281 rows
2026-04-05 16:34:14 - src.ui.pages.gap_dashboard - INFO - [gap_dashboard.py:36] - Gap Analysis Summary: Total=1281, Missing=514, Coverage=59.9%
2026-04-05 16:34:15 - __main__ - INFO - [main.py:18] - Starting ERP Application...
2026-04-05 16:34:15 - __main__ - INFO - [main.py:18] - Starting ERP Application...
2026-04-05 16:34:15 - src.ui.pages.demand_planner - INFO - [demand_planner.py:13] - Rendering Demand Planner...
2026-04-05 16:34:15 - __main__ - INFO - [main.py:18] - Starting ERP Application...
2026-04-05 16:34:15 - __main__ - INFO - [main.py:18] - Starting ERP Application...
2026-04-05 16:34:15 - src.ui.pages.data_manager - INFO - [data_manager.py:13] - Rendering Data Manager page...
2026-04-05 16:34:16 - __main__ - INFO - [main.py:18] - Starting ERP Application...
2026-04-05 16:34:16 - __main__ - INFO - [main.py:18] - Starting ERP Application...
2026-04-05 16:34:16 - src.ui.pages.inventory_manager - INFO - [inventory_manager.py:19] - Rendering Inventory Manager...
2026-04-05 16:34:16 - src.ui.pages.inventory_manager - INFO - [inventory_manager.py:38] - Loaded inventory for 346 SKUs
2026-04-05 16:34:16 - src.ui.pages.inventory_manager - INFO - [inventory_manager.py:107] - Loaded 3 history records
2026-04-05 16:34:17 - src.ui.pages.inventory_manager - INFO - [inventory_manager.py:283] - Inventory template generated successfully
2026-04-05 16:34:18 - src.core.services.finance_service - INFO - [finance_service.py:156] - ✅ Profitability calculated for 587 listings
2026-04-05 16:34:18 - src.core.services.finance_service - INFO - [finance_service.py:160] - Summary: Average margin = 31.62%, Total net profit = ₹73708.30
2026-04-05 16:34:18 - src.ui.pages.profit_dashboard - WARNING - [profit_dashboard.py:41] - 71 listings missing prices on Amazon
2026-04-05 16:34:27 - __main__ - INFO - [main.py:18] - Starting ERP Application...
2026-04-05 16:34:27 - __main__ - INFO - [main.py:18] - Starting ERP Application...
2026-04-05 16:34:27 - src.ui.pages.data_manager - INFO - [data_manager.py:13] - Rendering Data Manager page...
2026-04-05 16:34:28 - __main__ - INFO - [main.py:18] - Starting ERP Application...
2026-04-05 16:34:28 - __main__ - INFO - [main.py:18] - Starting ERP Application...
2026-04-05 16:34:28 - src.ui.pages.demand_planner - INFO - [demand_planner.py:13] - Rendering Demand Planner...
2026-04-05 16:34:28 - __main__ - INFO - [main.py:18] - Starting ERP Application...
2026-04-05 16:34:28 - __main__ - INFO - [main.py:18] - Starting ERP Application...
2026-04-05 16:34:28 - src.ui.pages.gap_dashboard - INFO - [gap_dashboard.py:11] - Rendering Gap Analysis Dashboard...
2026-04-05 16:34:28 - src.core.services.gap_service - INFO - [gap_service.py:35] - Generating gap analysis matrix...
2026-04-05 16:34:28 - src.core.services.gap_service - INFO - [gap_service.py:97] - ✅ Gap analysis complete: 514 gaps out of 1281 combinations (40.1%)
2026-04-05 16:34:28 - src.ui.pages.gap_dashboard - INFO - [gap_dashboard.py:19] - Gap matrix retrieved: 1281 rows
2026-04-05 16:34:28 - src.ui.pages.gap_dashboard - INFO - [gap_dashboard.py:36] - Gap Analysis Summary: Total=1281, Missing=514, Coverage=59.9%
2026-04-05 16:34:29 - __main__ - INFO - [main.py:18] - Starting ERP Application...
2026-04-05 16:34:29 - __main__ - INFO - [main.py:18] - Starting ERP Application...
2026-04-05 16:34:29 - src.ui.pages.profit_dashboard - INFO - [profit_dashboard.py:11] - Rendering Profit Dashboard...
2026-04-05 16:34:29 - src.core.services.finance_service - INFO - [finance_service.py:38] - Calculating profitability (market filter: Amazon)
2026-04-05 16:34:32 - src.core.services.finance_service - INFO - [finance_service.py:156] - ✅ Profitability calculated for 587 listings
2026-04-05 16:34:32 - src.core.services.finance_service - INFO - [finance_service.py:160] - Summary: Average margin = 31.62%, Total net profit = ₹73708.30
2026-04-05 16:34:32 - src.ui.pages.profit_dashboard - WARNING - [profit_dashboard.py:41] - 71 listings missing prices on Amazon
2026-04-05 16:34:32 - src.ui.pages.profit_dashboard - INFO - [profit_dashboard.py:51] - Profitability calculated for 516 listings on Amazon
2026-04-05 16:46:13 - __main__ - INFO - [main.py:20] - Starting ERP Application...
2026-04-05 16:46:13 - __main__ - INFO - [main.py:20] - Starting ERP Application...
2026-04-05 16:46:13 - src.infrastructure.init_db - INFO - [init_db.py:38] - Starting database initialization. DB Path: C:\Automation\erp\ecommerce_erp\data\db\ecommerce.db
2026-04-05 16:46:13 - src.infrastructure.init_db - INFO - [init_db.py:44] - Existing database found. Size: 344064 bytes
2026-04-05 16:46:13 - src.infrastructure.init_db - INFO - [init_db.py:74] - ✅ Database is healthy. Found 346 products ready for use.
2026-04-05 16:46:13 - __main__ - INFO - [main.py:27] - ✅ Database initialized successfully
2026-04-05 16:46:13 - __main__ - INFO - [main.py:27] - ✅ Database initialized successfully
2026-04-05 16:46:13 - src.ui.pages.profit_dashboard - INFO - [profit_dashboard.py:19] - Rendering Profit Dashboard...
2026-04-05 16:46:13 - src.core.services.finance_service - INFO - [finance_service.py:38] - Calculating profitability (market filter: Amazon)
2026-04-05 16:46:18 - src.core.services.finance_service - INFO - [finance_service.py:156] - ✅ Profitability calculated for 587 listings
2026-04-05 16:46:18 - src.core.services.finance_service - INFO - [finance_service.py:160] - Summary: Average margin = 31.62%, Total net profit = ₹73708.30
2026-04-05 16:46:18 - src.ui.pages.profit_dashboard - WARNING - [profit_dashboard.py:49] - 71 listings missing prices on Amazon
2026-04-05 16:46:18 - src.ui.pages.profit_dashboard - INFO - [profit_dashboard.py:59] - Profitability calculated for 516 listings on Amazon
2026-04-05 16:46:21 - __main__ - INFO - [main.py:20] - Starting ERP Application...
2026-04-05 16:46:21 - __main__ - INFO - [main.py:20] - Starting ERP Application...
2026-04-05 16:46:21 - src.ui.pages.gap_dashboard - INFO - [gap_dashboard.py:19] - Rendering Gap Analysis Dashboard...
2026-04-05 16:46:21 - src.core.services.gap_service - INFO - [gap_service.py:35] - Generating gap analysis matrix...
2026-04-05 16:46:22 - src.core.services.gap_service - INFO - [gap_service.py:97] - ✅ Gap analysis complete: 514 gaps out of 1281 combinations (40.1%)
2026-04-05 16:46:22 - src.ui.pages.gap_dashboard - INFO - [gap_dashboard.py:27] - Gap matrix retrieved: 1281 rows
2026-04-05 16:46:22 - src.ui.pages.gap_dashboard - INFO - [gap_dashboard.py:44] - Gap Analysis Summary: Total=1281, Missing=514, Coverage=59.9%
2026-04-05 16:46:26 - __main__ - INFO - [main.py:20] - Starting ERP Application...
2026-04-05 16:46:26 - __main__ - INFO - [main.py:20] - Starting ERP Application...
2026-04-05 16:46:26 - src.ui.pages.demand_planner - INFO - [demand_planner.py:21] - Rendering Demand Planner...
2026-04-05 16:46:28 - __main__ - INFO - [main.py:20] - Starting ERP Application...
2026-04-05 16:46:28 - __main__ - INFO - [main.py:20] - Starting ERP Application...
2026-04-05 16:46:28 - src.ui.pages.data_manager - INFO - [data_manager.py:22] - Rendering Data Manager page...
